
  .   ____          _            __ _ _
 /\\ / ___'_ __ _ _(_)_ __  __ _ \ \ \ \
( ( )\___ | '_ | '_| | '_ \/ _` | \ \ \ \
 \\/  ___)| |_)| | | | | || (_| |  ) ) ) )
  '  |____| .__|_| |_|_| |_\__, | / / / /
 =========|_|==============|___/=/_/_/_/

 :: Spring Boot ::                (v4.0.5)

2026-05-16T01:42:49.594+07:00  INFO 15488 --- [product-service] [           main] c.e.p.ProductServiceApplication          : Starting ProductServiceApplication using Java 23.0.1 with PID 15488 (D:\Java Project\Microservice E-Commerce\product-service\target\classes started by viett in D:\Java Project\Microservice E-Commerce\product-service)
2026-05-16T01:42:49.623+07:00  INFO 15488 --- [product-service] [           main] c.e.p.ProductServiceApplication          : No active profile set, falling back to 1 default profile: "default"
2026-05-16T01:42:58.072+07:00  INFO 15488 --- [product-service] [           main] .s.d.r.c.RepositoryConfigurationDelegate : Bootstrapping Spring Data MongoDB repositories in DEFAULT mode.
2026-05-16T01:42:59.940+07:00  INFO 15488 --- [product-service] [           main] .s.d.r.c.RepositoryConfigurationDelegate : Finished Spring Data repository scanning in 1542 ms. Found 1 MongoDB repository interface.
2026-05-16T01:43:02.239+07:00  INFO 15488 --- [product-service] [           main] o.s.boot.tomcat.TomcatWebServer          : Tomcat initialized with port 8087 (http)
2026-05-16T01:43:02.283+07:00  INFO 15488 --- [product-service] [           main] o.apache.catalina.core.StandardService   : Starting service [Tomcat]
2026-05-16T01:43:02.285+07:00  INFO 15488 --- [product-service] [           main] o.apache.catalina.core.StandardEngine    : Starting Servlet engine: [Apache Tomcat/11.0.20]
2026-05-16T01:43:02.550+07:00  INFO 15488 --- [product-service] [           main] b.w.c.s.WebApplicationContextInitializer : Root WebApplicationContext: initialization completed in 12596 ms
2026-05-16T01:43:03.379+07:00  INFO 15488 --- [product-service] [           main] org.mongodb.driver.client                : MongoClient with metadata {"driver": {"name": "mongo-java-driver|spring-boot|sync", "version": "5.6.4"}, "os": {"type": "Windows", "name": "Windows 11", "architecture": "amd64", "version": "10.0"}, "platform": "Java/Oracle Corporation/23.0.1+11-39"} created with settings MongoClientSettings{readPreference=primary, writeConcern=WriteConcern{w=majority, wTimeout=null ms, journal=null}, retryWrites=true, retryReads=true, readConcern=ReadConcern{level=null}, credential=MongoCredential{mechanism=null, userName='vietthanh0135_db_user', source='admin', password=<hidden>, mechanismProperties=<hidden>}, transportSettings=null, commandListeners=[], codecRegistry=ProvidersCodecRegistry{codecProviders=[ValueCodecProvider{}, BsonValueCodecProvider{}, DBRefCodecProvider{}, DBObjectCodecProvider{}, DocumentCodecProvider{}, CollectionCodecProvider{}, IterableCodecProvider{}, MapCodecProvider{}, GeoJsonCodecProvider{}, GridFSFileCodecProvider{}, Jsr310CodecProvider{}, JsonObjectCodecProvider{}, BsonCodecProvider{}, com.mongodb.client.model.mql.ExpressionCodecProvider@67eec8e1, com.mongodb.Jep395RecordCodecProvider@4214ae8f, com.mongodb.KotlinCodecProvider@7ba93755, EnumCodecProvider{}]}, loggerSettings=LoggerSettings{maxDocumentLength=1000}, clusterSettings={hosts=[127.0.0.1:27017], srvHost=cluster0.va5s08w.mongodb.net, srvServiceName=mongodb, mode=MULTIPLE, requiredClusterType=REPLICA_SET, requiredReplicaSetName='atlas-onfefn-shard-0', serverSelector='null', clusterListeners='[]', serverSelectionTimeout='30000 ms', localThreshold='15 ms'}, socketSettings=SocketSettings{connectTimeoutMS=10000, readTimeoutMS=0, receiveBufferSize=0, proxySettings=ProxySettings{host=null, port=null, username=null, password=null}}, heartbeatSocketSettings=SocketSettings{connectTimeoutMS=10000, readTimeoutMS=10000, receiveBufferSize=0, proxySettings=ProxySettings{host=null, port=null, username=null, password=null}}, connectionPoolSettings=ConnectionPoolSettings{maxSize=100, minSize=0, maxWaitTimeMS=120000, maxConnectionLifeTimeMS=0, maxConnectionIdleTimeMS=0, maintenanceInitialDelayMS=0, maintenanceFrequencyMS=60000, connectionPoolListeners=[], maxConnecting=2}, serverSettings=ServerSettings{heartbeatFrequencyMS=10000, minHeartbeatFrequencyMS=500, serverMonitoringMode=AUTO, serverListeners='[]', serverMonitorListeners='[]'}, sslSettings=SslSettings{enabled=true, invalidHostNameAllowed=false, context=null}, applicationName='null', compressorList=[], uuidRepresentation=UNSPECIFIED, serverApi=null, autoEncryptionSettings=null, dnsClient=null, inetAddressResolver=null, contextProvider=null, timeoutMS=null}
2026-05-16T01:43:03.404+07:00  INFO 15488 --- [product-service] [08w.mongodb.net] org.mongodb.driver.cluster               : Adding discovered server ac-n1yg9yh-shard-00-00.va5s08w.mongodb.net:27017 to client view of cluster
2026-05-16T01:43:03.434+07:00  INFO 15488 --- [product-service] [08w.mongodb.net] org.mongodb.driver.cluster               : Adding discovered server ac-n1yg9yh-shard-00-01.va5s08w.mongodb.net:27017 to client view of cluster
2026-05-16T01:43:03.436+07:00  INFO 15488 --- [product-service] [08w.mongodb.net] org.mongodb.driver.cluster               : Adding discovered server ac-n1yg9yh-shard-00-02.va5s08w.mongodb.net:27017 to client view of cluster
2026-05-16T01:43:04.696+07:00  INFO 15488 --- [product-service] [ngodb.net:27017] org.mongodb.driver.cluster               : Monitor thread successfully connected to server with description ServerDescription{address=ac-n1yg9yh-shard-00-01.va5s08w.mongodb.net:27017, type=REPLICA_SET_SECONDARY, cryptd=false, state=CONNECTED, ok=true, minWireVersion=0, maxWireVersion=25, maxDocumentSize=16777216, logicalSessionTimeoutMinutes=30, roundTripTimeNanos=699836200, minRoundTripTimeNanos=0, setName='atlas-onfefn-shard-0', canonicalAddress=ac-n1yg9yh-shard-00-01.va5s08w.mongodb.net:27017, hosts=[ac-n1yg9yh-shard-00-00.va5s08w.mongodb.net:27017, ac-n1yg9yh-shard-00-01.va5s08w.mongodb.net:27017, ac-n1yg9yh-shard-00-02.va5s08w.mongodb.net:27017], passives=[], arbiters=[], primary='ac-n1yg9yh-shard-00-02.va5s08w.mongodb.net:27017', tagSet=TagSet{[Tag{name='availabilityZone', value='ape1-az2'}, Tag{name='cacheState', value='READY'}, Tag{name='diskState', value='READY'}, Tag{name='nodeType', value='ELECTABLE'}, Tag{name='provider', value='AWS'}, Tag{name='region', value='AP_EAST_1'}, Tag{name='workloadType', value='OPERATIONAL'}]}, electionId=null, setVersion=35, topologyVersion=TopologyVersion{processId=69ff550860e09842ea7dbea8, counter=3}, lastWriteDate=Sat May 16 01:43:30 GMT+07:00 2026, lastUpdateTimeNanos=12417879671100}
2026-05-16T01:43:04.697+07:00  INFO 15488 --- [product-service] [ngodb.net:27017] org.mongodb.driver.cluster               : Monitor thread successfully connected to server with description ServerDescription{address=ac-n1yg9yh-shard-00-00.va5s08w.mongodb.net:27017, type=REPLICA_SET_SECONDARY, cryptd=false, state=CONNECTED, ok=true, minWireVersion=0, maxWireVersion=25, maxDocumentSize=16777216, logicalSessionTimeoutMinutes=30, roundTripTimeNanos=700000800, minRoundTripTimeNanos=0, setName='atlas-onfefn-shard-0', canonicalAddress=ac-n1yg9yh-shard-00-00.va5s08w.mongodb.net:27017, hosts=[ac-n1yg9yh-shard-00-00.va5s08w.mongodb.net:27017, ac-n1yg9yh-shard-00-01.va5s08w.mongodb.net:27017, ac-n1yg9yh-shard-00-02.va5s08w.mongodb.net:27017], passives=[], arbiters=[], primary='ac-n1yg9yh-shard-00-02.va5s08w.mongodb.net:27017', tagSet=TagSet{[Tag{name='availabilityZone', value='ape1-az1'}, Tag{name='cacheState', value='READY'}, Tag{name='diskState', value='READY'}, Tag{name='nodeType', value='ELECTABLE'}, Tag{name='provider', value='AWS'}, Tag{name='region', value='AP_EAST_1'}, Tag{name='workloadType', value='OPERATIONAL'}]}, electionId=null, setVersion=35, topologyVersion=TopologyVersion{processId=69ff4ff5d3fb58f181e4326a, counter=4}, lastWriteDate=Sat May 16 01:43:30 GMT+07:00 2026, lastUpdateTimeNanos=12417879826400}
2026-05-16T01:43:04.699+07:00  INFO 15488 --- [product-service] [ngodb.net:27017] org.mongodb.driver.cluster               : Monitor thread successfully connected to server with description ServerDescription{address=ac-n1yg9yh-shard-00-02.va5s08w.mongodb.net:27017, type=REPLICA_SET_PRIMARY, cryptd=false, state=CONNECTED, ok=true, minWireVersion=0, maxWireVersion=25, maxDocumentSize=16777216, logicalSessionTimeoutMinutes=30, roundTripTimeNanos=700810300, minRoundTripTimeNanos=0, setName='atlas-onfefn-shard-0', canonicalAddress=ac-n1yg9yh-shard-00-02.va5s08w.mongodb.net:27017, hosts=[ac-n1yg9yh-shard-00-00.va5s08w.mongodb.net:27017, ac-n1yg9yh-shard-00-01.va5s08w.mongodb.net:27017, ac-n1yg9yh-shard-00-02.va5s08w.mongodb.net:27017], passives=[], arbiters=[], primary='ac-n1yg9yh-shard-00-02.va5s08w.mongodb.net:27017', tagSet=TagSet{[Tag{name='availabilityZone', value='ape1-az3'}, Tag{name='cacheState', value='READY'}, Tag{name='diskState', value='READY'}, Tag{name='nodeType', value='ELECTABLE'}, Tag{name='provider', value='AWS'}, Tag{name='region', value='AP_EAST_1'}, Tag{name='workloadType', value='OPERATIONAL'}]}, electionId=7fffffff000000000000004f, setVersion=35, topologyVersion=TopologyVersion{processId=69ff52918ee850843f3768d4, counter=6}, lastWriteDate=Sat May 16 01:43:30 GMT+07:00 2026, lastUpdateTimeNanos=12417880637400}
2026-05-16T01:43:04.704+07:00  INFO 15488 --- [product-service] [ngodb.net:27017] org.mongodb.driver.cluster               : Discovered replica set primary ac-n1yg9yh-shard-00-02.va5s08w.mongodb.net:27017 with max election id 7fffffff000000000000004f and max set version 35
2026-05-16T01:43:05.681+07:00  WARN 15488 --- [product-service] [           main] ConfigServletWebServerApplicationContext : Exception encountered during context initialization - cancelling refresh attempt: org.springframework.context.ApplicationContextException: Failed to start bean 'webServerStartStop'
2026-05-16T01:43:05.714+07:00  INFO 15488 --- [product-service] [           main] .s.b.a.l.ConditionEvaluationReportLogger : 

Error starting ApplicationContext. To display the condition evaluation report re-run your application with 'debug' enabled.
2026-05-16T01:43:05.737+07:00 ERROR 15488 --- [product-service] [           main] o.s.b.d.LoggingFailureAnalysisReporter   : 

***************************
APPLICATION FAILED TO START
***************************

Description:

Web server failed to start. Port 8087 was already in use.

Action:

Identify and stop the process that's listening on port 8087 or configure this application to listen on another port.

[ERROR] Failed to execute goal org.springframework.boot:spring-boot-maven-plugin:4.0.5:run (default-cli) on project product-service: Process terminated with exit code: 1 -> [Help 1]
[ERROR] 
[ERROR] To see the full stack trace of the errors, re-run Maven with the -e switch.
[ERROR] Re-run Maven using the -X switch to enable full debug logging.
[ERROR] 
[ERROR] For more information about the errors and possible solutions, please read the following articles:
[ERROR] [Help 1] http://cwiki.apache.org/confluence/display/MAVEN/MojoExecutionException
